// Jest Snapshot v1, https://goo.gl/fbAQLP

exports[`DriftsmeldingAalesund renders alert when affected by Aalesund municipal division 1`] = `
<div>
  <div
    class="navds-alert navds-alert--warning navds-alert--medium"
  >
    <svg
      aria-labelledby="title-r0"
      class="navds-alert__icon"
      fill="none"
      focusable="false"
      height="1em"
      role="img"
      viewBox="0 0 24 24"
      width="1em"
      xmlns="http://www.w3.org/2000/svg"
    >
      <title
        id="title-r0"
      >
        Advarsel
      </title>
      <path
        clip-rule="evenodd"
        d="M12 2.25a.75.75 0 0 1 .656.387l9.527 17.25A.75.75 0 0 1 21.526 21H2.474a.75.75 0 0 1-.657-1.113l9.526-17.25A.75.75 0 0 1 12 2.25M12 8.75a.75.75 0 0 1 .75.75v4a.75.75 0 0 1-1.5 0v-4a.75.75 0 0 1 .75-.75m-1 7.75a1 1 0 1 1 2 0 1 1 0 0 1-2 0"
        fill="currentColor"
        fill-rule="evenodd"
      />
    </svg>
    <div
      class="navds-alert__wrapper navds-alert__wrapper--maxwidth navds-body-long navds-body-long--medium"
    >
      <h2
        class="navds-heading navds-heading--small navds-typo--spacing"
      >
        Ålesund: ettersending av vedlegg blir ikke mulig
      </h2>
      <p
        class="navds-body-short navds-body-short--medium navds-typo--spacing"
      >
        Grunnet kommunedelingen av Ålesund kommune vil det aldri bli mulig å ettersende vedlegg til søknader sendt inn før 1. januar 2024.
      </p>
    </div>
  </div>
</div>
`;

exports[`DriftsmeldingAalesund renders null when not affected by Aalesund municipal division 1`] = `<div />`;
