// Vitest Snapshot v1, https://vitest.dev/guide/snapshot.html

exports[`UtbetalingAccordionContent > matches snapshot with annenMottaker 1`] = `
<DocumentFragment>
  <div
    class="navds-accordion navds-accordion--medium navds-accordion--indent"
  >
    <div
      class="navds-accordion__item"
      data-expanded="false"
    >
      <div
        aria-hidden="true"
        class="navds-accordion__content navds-accordion__content--closed pt-2 navds-body-long navds-body-long--medium"
      >
        <p
          class="font-bold navds-body-short navds-body-short--medium"
        >
          Periode
        </p>
        <p
          class="navds-body-short navds-body-short--medium navds-typo--spacing"
        >
          1. januar 2022 - 31. januar 2022
        </p>
        <p
          class="font-bold navds-body-short navds-body-short--medium"
        >
          Mottaker
        </p>
        <p
          class="capitalize navds-body-short navds-body-short--medium navds-typo--spacing"
        >
          Ola Nordmann
        </p>
        <a
          class="navds-link navds-link items-center gap-2 flex navds-link--action"
          data-color="accent"
          data-variant="action"
          href="/123/status"
        >
          <svg
            aria-hidden="true"
            fill="none"
            focusable="false"
            height="1.5rem"
            role="img"
            viewBox="0 0 24 24"
            width="1.5rem"
            xmlns="http://www.w3.org/2000/svg"
          >
            <path
              clip-rule="evenodd"
              d="M6.5 3.25c-.69 0-1.25.56-1.25 1.25v15c0 .69.56 1.25 1.25 1.25h11c.69 0 1.25-.56 1.25-1.25V8a.75.75 0 0 0-.22-.53l-4-4a.75.75 0 0 0-.53-.22zm6.75 4.25c0 .69.56 1.25 1.25 1.25h2.75v10.5H6.75V4.75h6.5zm2.94-.25-1.44-1.44v1.44zM8.25 13a.75.75 0 0 1 .75-.75h3.5a.75.75 0 0 1 0 1.5H9a.75.75 0 0 1-.75-.75M9 15.25a.75.75 0 0 0 0 1.5h5.5a.75.75 0 0 0 0-1.5z"
              fill="currentColor"
              fill-rule="evenodd"
            />
          </svg>
          Gå til søknaden og les vedtaksbrevet for mer detaljer
        </a>
      </div>
    </div>
  </div>
</DocumentFragment>
`;
